// Jest Snapshot v1, https://goo.gl/fbAQLP

exports[`Calendar Component matches the snapshot 1`] = `
<CloseButton__StyledCloseButtonWrapper>
  <CloseButton__StyledCloseButton>
    <CloseButton__StyledSVG
      focusable="false"
      height="16px"
      role="img"
      viewBox="0 0 24 24"
      width="16px"
    >
      <path
        d="m23.25 24c-.19 0-.38-.07-.53-.22l-10.72-10.72-10.72 10.72c-.29.29-.77.29-1.06 0s-.29-.77 0-1.06l10.72-10.72-10.72-10.72c-.29-.29-.29-.77 0-1.06s.77-.29 1.06 0l10.72 10.72 10.72-10.72c.29-.29.77-.29 1.06 0s .29.77 0 1.06l-10.72 10.72 10.72 10.72c.29.29.29.77 0 1.06-.15.15-.34.22-.53.22"
        fillRule="evenodd"
      />
    </CloseButton__StyledSVG>
  </CloseButton__StyledCloseButton>
</CloseButton__StyledCloseButtonWrapper>
`;
