// Jest Snapshot v1, https://goo.gl/fbAQLP

exports[`Dates Component matches the snapshot 1`] = `
<Dates__StyledDates>
  <Dates__StyledDateLabel>
    Dates
  </Dates__StyledDateLabel>
  <Dates__StyledDatesBox>
    <Dates__StyledDatesRow>
      <Dates__StyledDateCell>
        <Dates__StyledDateInput
          onChange={[Function]}
          onClick={[Function]}
          placeholder="Check-in"
          type="text"
          value=""
        />
        <Dates__StyledHighlight
          isCheckinOpen={false}
        >
          Check-in
        </Dates__StyledHighlight>
      </Dates__StyledDateCell>
      <Dates__StyledSVGWrapper>
        <Dates__StyledSVG
          focusable="false"
          role="presentation"
          viewBox="0 0 24 24"
        >
          <path
            d="m0 12.5a.5.5 0 0 0 .5.5h21.79l-6.15 6.15a.5.5 0 1 0 .71.71l7-7v-.01a.5.5 0 0 0 .14-.35.5.5 0 0 0 -.14-.35v-.01l-7-7a .5.5 0 0 0 -.71.71l6.15 6.15h-21.79a.5.5 0 0 0 -.5.5z"
            fillRule="evenodd"
          />
        </Dates__StyledSVG>
      </Dates__StyledSVGWrapper>
      <Dates__StyledDateCell>
        <Dates__StyledDateInput
          onChange={[Function]}
          onClick={[Function]}
          placeholder="Checkout"
          type="text"
          value=""
        />
        <Dates__StyledHighlight
          isCheckoutOpen={false}
        >
          Checkout
        </Dates__StyledHighlight>
      </Dates__StyledDateCell>
    </Dates__StyledDatesRow>
  </Dates__StyledDatesBox>
</Dates__StyledDates>
`;
