// Jest Snapshot v1, https://goo.gl/fbAQLP

exports[`Price Component matches the snapshot 1`] = `
<Price__StyledPrice>
  <Price__StyledPriceAmt>
    $
  </Price__StyledPriceAmt>
  <Price__StyledPricePerNight>
    per night
  </Price__StyledPricePerNight>
</Price__StyledPrice>
`;
